// Jest Snapshot v1, https://goo.gl/fbAQLP

exports[`Render Test Component renders correctly 1`] = `
Object {
  "asFragment": [Function],
  "baseElement": <body>
    <div>
      <div
        class="details"
      >
        <div
          class="input"
        >
          <button
            type="button"
          >
            <img
              alt="back-button"
              src="arrow-8.png"
            />
          </button>
          <input
            type="text"
          />
          <button
            type="button"
          >
            <img
              alt="mic-button"
              src="microphone.png"
            />
          </button>
          <button
            type="button"
          >
            <img
              alt="settings-button"
              src="gear.png"
            />
          </button>
        </div>
        <ul
          class="detailsList"
        >
          <li>
             
            One
             
            is worth
          </li>
          <li>
            <span>
              1.09313
            </span>
             
            <span
              class="curName"
            >
              US dollars
            </span>
            <img
              alt="right-arrow"
              class="right-details"
              src="arrow-4.png"
            />
          </li>
          <li>
            <span>
              1.444408
               
            </span>
             
            <span
              class="curName"
            >
              Canadian dollars
            </span>
            <img
              alt="right-arrow"
              class="right-details"
              src="arrow-4.png"
            />
          </li>
          <li>
            <span>
              1
            </span>
             
            <span
              class="curName"
            >
              euros
            </span>
            <img
              alt="right-arrow"
              class="right-details"
              src="arrow-4.png"
            />
          </li>
          <li>
            <span>
              0.000036
            </span>
             
            <span
              class="curName"
            >
              bitcoin
            </span>
            <img
              alt="right-arrow"
              class="right-details"
              src="arrow-4.png"
            />
          </li>
          <li>
            <span>
              0.980155
            </span>
             
            <span
              class="curName"
            >
              Swiss franc
            </span>
            <img
              alt="right-arrow"
              class="right-details"
              src="arrow-4.png"
            />
          </li>
          <li>
            <span>
              11.617312
            </span>
             
            <span
              class="curName"
            >
              Swedish krona
            </span>
            <img
              alt="right-arrow"
              class="right-details"
              src="arrow-4.png"
            />
          </li>
          <li>
            <span>
              11.832592
            </span>
             
            <span
              class="curName"
            >
              Norwegian Krone
            </span>
            <img
              alt="right-arrow"
              class="right-details"
              src="arrow-4.png"
            />
          </li>
          <li>
            <span>
              7.472205
            </span>
             
            <span
              class="curName"
            >
              Danish Krone
            </span>
            <img
              alt="right-arrow"
              class="right-details"
              src="arrow-4.png"
            />
          </li>
          <li>
            <span>
              1.636913
            </span>
             
            <span
              class="curName"
            >
              Australian dollars
            </span>
            <img
              alt="right-arrow"
              class="right-details"
              src="arrow-4.png"
            />
          </li>
          <li>
            <span>
              1.779618
            </span>
             
            <span
              class="curName"
            >
              New Zealand dollars
            </span>
            <img
              alt="right-arrow"
              class="right-details"
              src="arrow-4.png"
            />
          </li>
          <li>
            <span>
              8.559155
            </span>
             
            <span
              class="curName"
            >
              Hong Kong dollars
            </span>
            <img
              alt="right-arrow"
              class="right-details"
              src="arrow-4.png"
            />
          </li>
          <li>
            <span>
              33.890867
            </span>
             
            <span
              class="curName"
            >
              New Taiwan dollars
            </span>
            <img
              alt="right-arrow"
              class="right-details"
              src="arrow-4.png"
            />
          </li>
          <li>
            <span>
              1.477749
            </span>
             
            <span
              class="curName"
            >
              Singapore dollars
            </span>
            <img
              alt="right-arrow"
              class="right-details"
              src="arrow-4.png"
            />
          </li>
          <li>
            <span>
              7.84857
            </span>
             
            <span
              class="curName"
            >
              Chinese renminbi
            </span>
            <img
              alt="right-arrow"
              class="right-details"
              src="arrow-4.png"
            />
          </li>
          <li>
            <span>
              157.094163
            </span>
             
            <span
              class="curName"
            >
              Japanese yen
            </span>
            <img
              alt="right-arrow"
              class="right-details"
              src="arrow-4.png"
            />
          </li>
          <li>
            <span>
              1430.541284
            </span>
             
            <span
              class="curName"
            >
              South Korean won
            </span>
            <img
              alt="right-arrow"
              class="right-details"
              src="arrow-4.png"
            />
          </li>
          <li>
            <span>
              89.620831
            </span>
             
            <span
              class="curName"
            >
              Indian rupee
            </span>
            <img
              alt="right-arrow"
              class="right-details"
              src="arrow-4.png"
            />
          </li>
          <li>
            <span>
              18.761289
            </span>
             
            <span
              class="curName"
            >
              Mexican peso
            </span>
            <img
              alt="right-arrow"
              class="right-details"
              src="arrow-4.png"
            />
          </li>
          <li>
            <span>
              5.228562
            </span>
             
            <span
              class="curName"
            >
              Brazilian real
            </span>
            <img
              alt="right-arrow"
              class="right-details"
              src="arrow-4.png"
            />
          </li>
          <li>
            <span>
              0.905352
            </span>
             
            <span
              class="curName"
            >
              Cayman Island dollar
            </span>
            <img
              alt="right-arrow"
              class="right-details"
              src="arrow-4.png"
            />
          </li>
          <li>
            <span>
              0.860808
            </span>
             
            <span
              class="curName"
            >
              Gibraltar pound
            </span>
            <img
              alt="right-arrow"
              class="right-details"
              src="arrow-4.png"
            />
          </li>
          <li>
            <span>
              0.77558
            </span>
             
            <span
              class="curName"
            >
              Jordanian dinar
            </span>
            <img
              alt="right-arrow"
              class="right-details"
              src="arrow-4.png"
            />
          </li>
          <li>
            <span>
              0.419159
            </span>
             
            <span
              class="curName"
            >
              Omani rial
            </span>
            <img
              alt="right-arrow"
              class="right-details"
              src="arrow-4.png"
            />
          </li>
          <li>
            <span>
              0.410442
               
            </span>
             
            <span
              class="curName"
            >
              Bahraini dinar
            </span>
            <img
              alt="right-arrow"
              class="right-details"
              src="arrow-4.png"
            />
          </li>
          <li>
            <span>
              0.33616
            </span>
             
            <span
              class="curName"
            >
              Kuwaiti dinar
            </span>
            <img
              alt="right-arrow"
              class="right-details"
              src="arrow-4.png"
            />
          </li>
          <li>
            <span>
              4.453097
            </span>
             
            <span
              class="curName"
            >
              Polish z≈Çoty
            </span>
            <img
              alt="right-arrow"
              class="right-details"
              src="arrow-4.png"
            />
          </li>
          <li>
            <span>
              38.533243
            </span>
             
            <span
              class="curName"
            >
              Thai baht
            </span>
            <img
              alt="right-arrow"
              class="right-details"
              src="arrow-4.png"
            />
          </li>
          <li>
            <span>
              3.966997
            </span>
             
            <span
              class="curName"
            >
              Israeli new shekel
            </span>
            <img
              alt="right-arrow"
              class="right-details"
              src="arrow-4.png"
            />
          </li>
          <li>
            <span>
              16446.471886
            </span>
             
            <span
              class="curName"
            >
              Indonesian rupiah
            </span>
            <img
              alt="right-arrow"
              class="right-details"
              src="arrow-4.png"
            />
          </li>
          <li>
            <span>
              23.730877
            </span>
             
            <span
              class="curName"
            >
              Czech koruna
            </span>
            <img
              alt="right-arrow"
              class="right-details"
              src="arrow-4.png"
            />
          </li>
          <li>
            <span>
              4.014963
            </span>
             
            <span
              class="curName"
            >
              UAE dirham
            </span>
            <img
              alt="right-arrow"
              class="right-details"
              src="arrow-4.png"
            />
          </li>
          <li>
            <span>
              27.631384
            </span>
             
            <span
              class="curName"
            >
              Turkish lira
            </span>
            <img
              alt="right-arrow"
              class="right-details"
              src="arrow-4.png"
            />
          </li>
          <li>
            <span>
              371.413274
            </span>
             
            <span
              class="curName"
            >
              Hungarian forint
            </span>
            <img
              alt="right-arrow"
              class="right-details"
              src="arrow-4.png"
            />
          </li>
          <li>
            <span>
              874.034345
            </span>
             
            <span
              class="curName"
            >
              Chilean peso
            </span>
            <img
              alt="right-arrow"
              class="right-details"
              src="arrow-4.png"
            />
          </li>
          <li>
            <span>
              4.099536
            </span>
             
            <span
              class="curName"
            >
              Saudi riyal
            </span>
            <img
              alt="right-arrow"
              class="right-details"
              src="arrow-4.png"
            />
          </li>
          <li>
            <span>
              60.958448
            </span>
             
            <span
              class="curName"
            >
              Philippine peso
            </span>
            <img
              alt="right-arrow"
              class="right-details"
              src="arrow-4.png"
            />
          </li>
          <li>
            <span>
              5.112028
            </span>
             
            <span
              class="curName"
            >
              Malaysian ringgit
            </span>
            <img
              alt="right-arrow"
              class="right-details"
              src="arrow-4.png"
            />
          </li>
          <li>
            <span>
              4454.18946
            </span>
             
            <span
              class="curName"
            >
              Colombian peso
            </span>
            <img
              alt="right-arrow"
              class="right-details"
              src="arrow-4.png"
            />
          </li>
          <li>
            <span>
              92.506186
            </span>
             
            <span
              class="curName"
            >
              Russian ruble
            </span>
            <img
              alt="right-arrow"
              class="right-details"
              src="arrow-4.png"
            />
          </li>
          <li>
            <span>
              4.973091
            </span>
             
            <span
              class="curName"
            >
              Romanian leu
            </span>
            <img
              alt="right-arrow"
              class="right-details"
              src="arrow-4.png"
            />
          </li>
          <li>
            <span>
              3.942886
            </span>
             
            <span
              class="curName"
            >
              Peruvian sol
            </span>
            <img
              alt="right-arrow"
              class="right-details"
              src="arrow-4.png"
            />
          </li>
          <li>
            <span>
              1.962392
            </span>
             
            <span
              class="curName"
            >
              Bulgarian lev
            </span>
            <img
              alt="right-arrow"
              class="right-details"
              src="arrow-4.png"
            />
          </li>
          <li>
            <span>
              275.463714
            </span>
             
            <span
              class="curName"
            >
              Argentine peso
            </span>
            <img
              alt="right-arrow"
              class="right-details"
              src="arrow-4.png"
            />
          </li>
        </ul>
      </div>
    </div>
  </body>,
  "container": <div>
    <div
      class="details"
    >
      <div
        class="input"
      >
        <button
          type="button"
        >
          <img
            alt="back-button"
            src="arrow-8.png"
          />
        </button>
        <input
          type="text"
        />
        <button
          type="button"
        >
          <img
            alt="mic-button"
            src="microphone.png"
          />
        </button>
        <button
          type="button"
        >
          <img
            alt="settings-button"
            src="gear.png"
          />
        </button>
      </div>
      <ul
        class="detailsList"
      >
        <li>
           
          One
           
          is worth
        </li>
        <li>
          <span>
            1.09313
          </span>
           
          <span
            class="curName"
          >
            US dollars
          </span>
          <img
            alt="right-arrow"
            class="right-details"
            src="arrow-4.png"
          />
        </li>
        <li>
          <span>
            1.444408
             
          </span>
           
          <span
            class="curName"
          >
            Canadian dollars
          </span>
          <img
            alt="right-arrow"
            class="right-details"
            src="arrow-4.png"
          />
        </li>
        <li>
          <span>
            1
          </span>
           
          <span
            class="curName"
          >
            euros
          </span>
          <img
            alt="right-arrow"
            class="right-details"
            src="arrow-4.png"
          />
        </li>
        <li>
          <span>
            0.000036
          </span>
           
          <span
            class="curName"
          >
            bitcoin
          </span>
          <img
            alt="right-arrow"
            class="right-details"
            src="arrow-4.png"
          />
        </li>
        <li>
          <span>
            0.980155
          </span>
           
          <span
            class="curName"
          >
            Swiss franc
          </span>
          <img
            alt="right-arrow"
            class="right-details"
            src="arrow-4.png"
          />
        </li>
        <li>
          <span>
            11.617312
          </span>
           
          <span
            class="curName"
          >
            Swedish krona
          </span>
          <img
            alt="right-arrow"
            class="right-details"
            src="arrow-4.png"
          />
        </li>
        <li>
          <span>
            11.832592
          </span>
           
          <span
            class="curName"
          >
            Norwegian Krone
          </span>
          <img
            alt="right-arrow"
            class="right-details"
            src="arrow-4.png"
          />
        </li>
        <li>
          <span>
            7.472205
          </span>
           
          <span
            class="curName"
          >
            Danish Krone
          </span>
          <img
            alt="right-arrow"
            class="right-details"
            src="arrow-4.png"
          />
        </li>
        <li>
          <span>
            1.636913
          </span>
           
          <span
            class="curName"
          >
            Australian dollars
          </span>
          <img
            alt="right-arrow"
            class="right-details"
            src="arrow-4.png"
          />
        </li>
        <li>
          <span>
            1.779618
          </span>
           
          <span
            class="curName"
          >
            New Zealand dollars
          </span>
          <img
            alt="right-arrow"
            class="right-details"
            src="arrow-4.png"
          />
        </li>
        <li>
          <span>
            8.559155
          </span>
           
          <span
            class="curName"
          >
            Hong Kong dollars
          </span>
          <img
            alt="right-arrow"
            class="right-details"
            src="arrow-4.png"
          />
        </li>
        <li>
          <span>
            33.890867
          </span>
           
          <span
            class="curName"
          >
            New Taiwan dollars
          </span>
          <img
            alt="right-arrow"
            class="right-details"
            src="arrow-4.png"
          />
        </li>
        <li>
          <span>
            1.477749
          </span>
           
          <span
            class="curName"
          >
            Singapore dollars
          </span>
          <img
            alt="right-arrow"
            class="right-details"
            src="arrow-4.png"
          />
        </li>
        <li>
          <span>
            7.84857
          </span>
           
          <span
            class="curName"
          >
            Chinese renminbi
          </span>
          <img
            alt="right-arrow"
            class="right-details"
            src="arrow-4.png"
          />
        </li>
        <li>
          <span>
            157.094163
          </span>
           
          <span
            class="curName"
          >
            Japanese yen
          </span>
          <img
            alt="right-arrow"
            class="right-details"
            src="arrow-4.png"
          />
        </li>
        <li>
          <span>
            1430.541284
          </span>
           
          <span
            class="curName"
          >
            South Korean won
          </span>
          <img
            alt="right-arrow"
            class="right-details"
            src="arrow-4.png"
          />
        </li>
        <li>
          <span>
            89.620831
          </span>
           
          <span
            class="curName"
          >
            Indian rupee
          </span>
          <img
            alt="right-arrow"
            class="right-details"
            src="arrow-4.png"
          />
        </li>
        <li>
          <span>
            18.761289
          </span>
           
          <span
            class="curName"
          >
            Mexican peso
          </span>
          <img
            alt="right-arrow"
            class="right-details"
            src="arrow-4.png"
          />
        </li>
        <li>
          <span>
            5.228562
          </span>
           
          <span
            class="curName"
          >
            Brazilian real
          </span>
          <img
            alt="right-arrow"
            class="right-details"
            src="arrow-4.png"
          />
        </li>
        <li>
          <span>
            0.905352
          </span>
           
          <span
            class="curName"
          >
            Cayman Island dollar
          </span>
          <img
            alt="right-arrow"
            class="right-details"
            src="arrow-4.png"
          />
        </li>
        <li>
          <span>
            0.860808
          </span>
           
          <span
            class="curName"
          >
            Gibraltar pound
          </span>
          <img
            alt="right-arrow"
            class="right-details"
            src="arrow-4.png"
          />
        </li>
        <li>
          <span>
            0.77558
          </span>
           
          <span
            class="curName"
          >
            Jordanian dinar
          </span>
          <img
            alt="right-arrow"
            class="right-details"
            src="arrow-4.png"
          />
        </li>
        <li>
          <span>
            0.419159
          </span>
           
          <span
            class="curName"
          >
            Omani rial
          </span>
          <img
            alt="right-arrow"
            class="right-details"
            src="arrow-4.png"
          />
        </li>
        <li>
          <span>
            0.410442
             
          </span>
           
          <span
            class="curName"
          >
            Bahraini dinar
          </span>
          <img
            alt="right-arrow"
            class="right-details"
            src="arrow-4.png"
          />
        </li>
        <li>
          <span>
            0.33616
          </span>
           
          <span
            class="curName"
          >
            Kuwaiti dinar
          </span>
          <img
            alt="right-arrow"
            class="right-details"
            src="arrow-4.png"
          />
        </li>
        <li>
          <span>
            4.453097
          </span>
           
          <span
            class="curName"
          >
            Polish z≈Çoty
          </span>
          <img
            alt="right-arrow"
            class="right-details"
            src="arrow-4.png"
          />
        </li>
        <li>
          <span>
            38.533243
          </span>
           
          <span
            class="curName"
          >
            Thai baht
          </span>
          <img
            alt="right-arrow"
            class="right-details"
            src="arrow-4.png"
          />
        </li>
        <li>
          <span>
            3.966997
          </span>
           
          <span
            class="curName"
          >
            Israeli new shekel
          </span>
          <img
            alt="right-arrow"
            class="right-details"
            src="arrow-4.png"
          />
        </li>
        <li>
          <span>
            16446.471886
          </span>
           
          <span
            class="curName"
          >
            Indonesian rupiah
          </span>
          <img
            alt="right-arrow"
            class="right-details"
            src="arrow-4.png"
          />
        </li>
        <li>
          <span>
            23.730877
          </span>
           
          <span
            class="curName"
          >
            Czech koruna
          </span>
          <img
            alt="right-arrow"
            class="right-details"
            src="arrow-4.png"
          />
        </li>
        <li>
          <span>
            4.014963
          </span>
           
          <span
            class="curName"
          >
            UAE dirham
          </span>
          <img
            alt="right-arrow"
            class="right-details"
            src="arrow-4.png"
          />
        </li>
        <li>
          <span>
            27.631384
          </span>
           
          <span
            class="curName"
          >
            Turkish lira
          </span>
          <img
            alt="right-arrow"
            class="right-details"
            src="arrow-4.png"
          />
        </li>
        <li>
          <span>
            371.413274
          </span>
           
          <span
            class="curName"
          >
            Hungarian forint
          </span>
          <img
            alt="right-arrow"
            class="right-details"
            src="arrow-4.png"
          />
        </li>
        <li>
          <span>
            874.034345
          </span>
           
          <span
            class="curName"
          >
            Chilean peso
          </span>
          <img
            alt="right-arrow"
            class="right-details"
            src="arrow-4.png"
          />
        </li>
        <li>
          <span>
            4.099536
          </span>
           
          <span
            class="curName"
          >
            Saudi riyal
          </span>
          <img
            alt="right-arrow"
            class="right-details"
            src="arrow-4.png"
          />
        </li>
        <li>
          <span>
            60.958448
          </span>
           
          <span
            class="curName"
          >
            Philippine peso
          </span>
          <img
            alt="right-arrow"
            class="right-details"
            src="arrow-4.png"
          />
        </li>
        <li>
          <span>
            5.112028
          </span>
           
          <span
            class="curName"
          >
            Malaysian ringgit
          </span>
          <img
            alt="right-arrow"
            class="right-details"
            src="arrow-4.png"
          />
        </li>
        <li>
          <span>
            4454.18946
          </span>
           
          <span
            class="curName"
          >
            Colombian peso
          </span>
          <img
            alt="right-arrow"
            class="right-details"
            src="arrow-4.png"
          />
        </li>
        <li>
          <span>
            92.506186
          </span>
           
          <span
            class="curName"
          >
            Russian ruble
          </span>
          <img
            alt="right-arrow"
            class="right-details"
            src="arrow-4.png"
          />
        </li>
        <li>
          <span>
            4.973091
          </span>
           
          <span
            class="curName"
          >
            Romanian leu
          </span>
          <img
            alt="right-arrow"
            class="right-details"
            src="arrow-4.png"
          />
        </li>
        <li>
          <span>
            3.942886
          </span>
           
          <span
            class="curName"
          >
            Peruvian sol
          </span>
          <img
            alt="right-arrow"
            class="right-details"
            src="arrow-4.png"
          />
        </li>
        <li>
          <span>
            1.962392
          </span>
           
          <span
            class="curName"
          >
            Bulgarian lev
          </span>
          <img
            alt="right-arrow"
            class="right-details"
            src="arrow-4.png"
          />
        </li>
        <li>
          <span>
            275.463714
          </span>
           
          <span
            class="curName"
          >
            Argentine peso
          </span>
          <img
            alt="right-arrow"
            class="right-details"
            src="arrow-4.png"
          />
        </li>
      </ul>
    </div>
  </div>,
  "debug": [Function],
  "findAllByAltText": [Function],
  "findAllByDisplayValue": [Function],
  "findAllByLabelText": [Function],
  "findAllByPlaceholderText": [Function],
  "findAllByRole": [Function],
  "findAllByTestId": [Function],
  "findAllByText": [Function],
  "findAllByTitle": [Function],
  "findByAltText": [Function],
  "findByDisplayValue": [Function],
  "findByLabelText": [Function],
  "findByPlaceholderText": [Function],
  "findByRole": [Function],
  "findByTestId": [Function],
  "findByText": [Function],
  "findByTitle": [Function],
  "getAllByAltText": [Function],
  "getAllByDisplayValue": [Function],
  "getAllByLabelText": [Function],
  "getAllByPlaceholderText": [Function],
  "getAllByRole": [Function],
  "getAllByTestId": [Function],
  "getAllByText": [Function],
  "getAllByTitle": [Function],
  "getByAltText": [Function],
  "getByDisplayValue": [Function],
  "getByLabelText": [Function],
  "getByPlaceholderText": [Function],
  "getByRole": [Function],
  "getByTestId": [Function],
  "getByText": [Function],
  "getByTitle": [Function],
  "queryAllByAltText": [Function],
  "queryAllByDisplayValue": [Function],
  "queryAllByLabelText": [Function],
  "queryAllByPlaceholderText": [Function],
  "queryAllByRole": [Function],
  "queryAllByTestId": [Function],
  "queryAllByText": [Function],
  "queryAllByTitle": [Function],
  "queryByAltText": [Function],
  "queryByDisplayValue": [Function],
  "queryByLabelText": [Function],
  "queryByPlaceholderText": [Function],
  "queryByRole": [Function],
  "queryByTestId": [Function],
  "queryByText": [Function],
  "queryByTitle": [Function],
  "rerender": [Function],
  "unmount": [Function],
}
`;
